

                DRAWxtl
  Crystal Structure Drawing Program V5.5

  Copyright 1996, 1997, 2000-2011 by Larry Finger, Martin Kroeker, and Brian Toby
  (all rights reserved).

     Combined POVxtl and VRMLxtl
POVxtl  - Scenes for Persistence of Vision Ray Tracer (POV-Ray) V2.0
VRMLxtl - Virtual Reality Modeling Language V1.0/V2.0

 doing frame 1 of 1

********************* Input: ************************
*         titl imported
*         import cif output.cif 1
======================= Start of import/inline commands
******      Cell      7.42880 17.31310  8.06960   90.000   90.000   90.000
******  spgr P 1
******      Atom Dy_  11  0.70700  0.32800  0.05200
******      Atom Dy_  12  0.98200  0.08200  1.00000
******      Atom Dy_  13  0.01800  0.91800  3.00000
******      Atom Dy_  14  0.29300  0.67200  0.94800
******      Atom Dy_  15  1.00000  0.00000  0.00000
******      Atom Dy_  16  0.10800  0.47100  1.00000
******      Atom Dy_  17  0.89200  0.52900  3.00000
******      Atom Mn_  11  0.70700  0.32800  0.05200
******      Atom Mn_  12  0.98200  0.08200  1.00000
******      Atom Mn_  13  0.01800  0.91800  3.00000
******      Atom Mn_  14  0.29300  0.67200  0.94800
******      Atom Mn_  15  1.00000  0.00000  0.00000
******      Atom Mn_  16  0.10800  0.47100  1.00000
******      Atom Mn_  17  0.89200  0.52900  3.00000
******      Atom O_   11  0.70700  0.32800  0.05200
******      Atom O_   12  0.98200  0.08200  1.00000
******      Atom O_   13  0.01800  0.91800  3.00000
******      Atom O_   14  0.29300  0.67200  0.94800
******      Atom O_   15  1.00000  0.00000  0.00000
******      Atom O_   16  0.10800  0.47100  1.00000
******      Atom O_   17  0.89200  0.52900  3.00000
******      Atom O_   21  0.70700  0.32800  0.05200
******      Atom O_   22  0.98200  0.08200  1.00000
******      Atom O_   23  0.01800  0.91800  3.00000
******      Atom O_   24  0.29300  0.67200  0.94800
******      Atom O_   25  1.00000  0.00000  0.00000
******      Atom O_   26  0.10800  0.47100  1.00000
******      Atom O_   27  0.89200  0.52900  3.00000
======================= End of import/inline commands
*         box  0.020 Black
*         background White
*         axislines   0.00 Gray20
*         finish   0.70   0.30   0.08   0.01
*         sphere Dy_  0.400 Magenta
*         labeltext -0.067 -0.029 -0.062 o
*         labeltext  1.067  0.000  0.000 a
*         labeltext  0.000  1.029  0.000 b
*         labeltext  0.000  0.000  1.062 c
*         pack  -0.05   1.05  -0.05   1.05  -0.05   1.05
*         view   14.3  -23.9  -36.1
*****************************************************

Triclinic - Acentric - P lattice with 1 Symmetry Operators

+x,+y,+z
Lattice metrics
   7.429   -0.000   -0.000
   0.000   17.313   -0.000
   0.000    0.000    8.070

Master atom list contains    66 atoms.


 Bond Distance Analysis

Distances from Dy_  11 at  0.70700 0.32800 0.05200    to

 Mn_  11 at   0.70700  0.32800  0.05200     0.000
 O_   11 at   0.70700  0.32800  0.05200     0.000

Distances from Dy_  12 at  0.98200 0.08200 0.00000    to

 Mn_  12 at   0.98200  0.08200  0.00000     0.000
 O_   12 at   0.98200  0.08200  0.00000     0.000
 Dy_  15 at   1.00000  0.00000  0.00000     1.426
 Mn_  15 at   1.00000  0.00000  0.00000     1.426
 O_   15 at   1.00000  0.00000  0.00000     1.426

Distances from Dy_  13 at  0.01800 0.91800 1.00000    to

 Mn_  13 at   0.01800  0.91800  1.00000     0.000
 O_   13 at   0.01800  0.91800  1.00000     0.000
 Dy_  15 at   0.00000  1.00000  1.00000     1.426
 Mn_  15 at   0.00000  1.00000  1.00000     1.426
 O_   15 at   0.00000  1.00000  1.00000     1.426

Distances from Dy_  14 at  0.29300 0.67200 0.94800    to

 Mn_  14 at   0.29300  0.67200  0.94800     0.000
 O_   14 at   0.29300  0.67200  0.94800     0.000

Distances from Dy_  15 at  0.00000 0.00000 0.00000    to

 Mn_  15 at   0.00000  0.00000  0.00000     0.000
 O_   15 at   0.00000  0.00000  0.00000     0.000
 Dy_  12 at  -0.01800  0.08200  0.00000     1.426
 Mn_  12 at  -0.01800  0.08200  0.00000     1.426
 O_   12 at  -0.01800  0.08200  0.00000     1.426

Distances from Dy_  16 at  0.10800 0.47100 0.00000    to

 Mn_  16 at   0.10800  0.47100  0.00000     0.000
 O_   16 at   0.10800  0.47100  0.00000     0.000

Distances from Dy_  17 at  0.89200 0.52900 1.00000    to

 Mn_  17 at   0.89200  0.52900  1.00000     0.000
 O_   17 at   0.89200  0.52900  1.00000     0.000

Distances from Mn_  11 at  0.70700 0.32800 0.05200    to

 Dy_  11 at   0.70700  0.32800  0.05200     0.000
 O_   11 at   0.70700  0.32800  0.05200     0.000

Distances from Mn_  12 at  0.98200 0.08200 0.00000    to

 Dy_  12 at   0.98200  0.08200  0.00000     0.000
 O_   12 at   0.98200  0.08200  0.00000     0.000
 Dy_  15 at   1.00000  0.00000  0.00000     1.426
 Mn_  15 at   1.00000  0.00000  0.00000     1.426
 O_   15 at   1.00000  0.00000  0.00000     1.426

Distances from Mn_  13 at  0.01800 0.91800 1.00000    to

 Dy_  13 at   0.01800  0.91800  1.00000     0.000
 O_   13 at   0.01800  0.91800  1.00000     0.000
 Dy_  15 at   0.00000  1.00000  1.00000     1.426
 Mn_  15 at   0.00000  1.00000  1.00000     1.426
 O_   15 at   0.00000  1.00000  1.00000     1.426

Distances from Mn_  14 at  0.29300 0.67200 0.94800    to

 Dy_  14 at   0.29300  0.67200  0.94800     0.000
 O_   14 at   0.29300  0.67200  0.94800     0.000

Distances from Mn_  15 at  0.00000 0.00000 0.00000    to

 Dy_  15 at   0.00000  0.00000  0.00000     0.000
 O_   15 at   0.00000  0.00000  0.00000     0.000
 Dy_  12 at  -0.01800  0.08200  0.00000     1.426
 Mn_  12 at  -0.01800  0.08200  0.00000     1.426
 O_   12 at  -0.01800  0.08200  0.00000     1.426

Distances from Mn_  16 at  0.10800 0.47100 0.00000    to

 Dy_  16 at   0.10800  0.47100  0.00000     0.000
 O_   16 at   0.10800  0.47100  0.00000     0.000

Distances from Mn_  17 at  0.89200 0.52900 1.00000    to

 Dy_  17 at   0.89200  0.52900  1.00000     0.000
 O_   17 at   0.89200  0.52900  1.00000     0.000

Distances from O_   11 at  0.70700 0.32800 0.05200    to

 Dy_  11 at   0.70700  0.32800  0.05200     0.000
 Mn_  11 at   0.70700  0.32800  0.05200     0.000

Distances from O_   12 at  0.98200 0.08200 0.00000    to

 Dy_  12 at   0.98200  0.08200  0.00000     0.000
 Mn_  12 at   0.98200  0.08200  0.00000     0.000
 Dy_  15 at   1.00000  0.00000  0.00000     1.426
 Mn_  15 at   1.00000  0.00000  0.00000     1.426
 O_   15 at   1.00000  0.00000  0.00000     1.426

Distances from O_   13 at  0.01800 0.91800 1.00000    to

 Dy_  13 at   0.01800  0.91800  1.00000     0.000
 Mn_  13 at   0.01800  0.91800  1.00000     0.000
 Dy_  15 at   0.00000  1.00000  1.00000     1.426
 Mn_  15 at   0.00000  1.00000  1.00000     1.426
 O_   15 at   0.00000  1.00000  1.00000     1.426

Distances from O_   14 at  0.29300 0.67200 0.94800    to

 Dy_  14 at   0.29300  0.67200  0.94800     0.000
 Mn_  14 at   0.29300  0.67200  0.94800     0.000

Distances from O_   15 at  0.00000 0.00000 0.00000    to

 Dy_  15 at   0.00000  0.00000  0.00000     0.000
 Mn_  15 at   0.00000  0.00000  0.00000     0.000
 Dy_  12 at  -0.01800  0.08200  0.00000     1.426
 Mn_  12 at  -0.01800  0.08200  0.00000     1.426
 O_   12 at  -0.01800  0.08200  0.00000     1.426

Distances from O_   16 at  0.10800 0.47100 0.00000    to

 Dy_  16 at   0.10800  0.47100  0.00000     0.000
 Mn_  16 at   0.10800  0.47100  0.00000     0.000

Distances from O_   17 at  0.89200 0.52900 1.00000    to

 Dy_  17 at   0.89200  0.52900  1.00000     0.000
 Mn_  17 at   0.89200  0.52900  1.00000     0.000

Distances from O_   21 at  0.70700 0.32800 0.05200    to

 Dy_  11 at   0.70700  0.32800  0.05200     0.000
 Mn_  11 at   0.70700  0.32800  0.05200     0.000
 O_   11 at   0.70700  0.32800  0.05200     0.000

Distances from O_   22 at  0.98200 0.08200 1.00000    to

 Dy_  12 at   0.98200  0.08200  1.00000     0.000
 Mn_  12 at   0.98200  0.08200  1.00000     0.000
 O_   12 at   0.98200  0.08200  1.00000     0.000
 Dy_  15 at   1.00000  0.00000  1.00000     1.426
 Mn_  15 at   1.00000  0.00000  1.00000     1.426
 O_   15 at   1.00000  0.00000  1.00000     1.426

Distances from O_   23 at  0.01800 0.91800 1.00000    to

 Dy_  13 at   0.01800  0.91800  1.00000     0.000
 Mn_  13 at   0.01800  0.91800  1.00000     0.000
 O_   13 at   0.01800  0.91800  1.00000     0.000
 Dy_  15 at   0.00000  1.00000  1.00000     1.426
 Mn_  15 at   0.00000  1.00000  1.00000     1.426
 O_   15 at   0.00000  1.00000  1.00000     1.426

Distances from O_   24 at  0.29300 0.67200 0.94800    to

 Dy_  14 at   0.29300  0.67200  0.94800     0.000
 Mn_  14 at   0.29300  0.67200  0.94800     0.000
 O_   14 at   0.29300  0.67200  0.94800     0.000

Distances from O_   25 at  1.00000 0.00000 0.00000    to

 Dy_  15 at   1.00000  0.00000  0.00000     0.000
 Mn_  15 at   1.00000  0.00000  0.00000     0.000
 O_   15 at   1.00000  0.00000  0.00000     0.000
 Dy_  12 at   0.98200  0.08200  0.00000     1.426
 Mn_  12 at   0.98200  0.08200  0.00000     1.426
 O_   12 at   0.98200  0.08200  0.00000     1.426

Distances from O_   26 at  0.10800 0.47100 1.00000    to

 Dy_  16 at   0.10800  0.47100  1.00000     0.000
 Mn_  16 at   0.10800  0.47100  1.00000     0.000
 O_   16 at   0.10800  0.47100  1.00000     0.000

Distances from O_   27 at  0.89200 0.52900 1.00000    to

 Dy_  17 at   0.89200  0.52900  1.00000     0.000
 Mn_  17 at   0.89200  0.52900  1.00000     0.000
 O_   17 at   0.89200  0.52900  1.00000     0.000


Generated   22 spheres.
Label[1] -0.067 -0.029 -0.062 o
Label[2] 1.067 0 0 a
Label[3] 0 1.029 0 b
Label[4] 0 0 1.062 c
Generated    4 labels.
End of File.
